


ARM Macro Assembler    Page 1 


    1 00000000                 AREA             text, DATA, READWRITE
    2 00000000                 EXPORT           output_array
    3 00000000 00 00 00 
              00 00 00 
              00 00 00 
              00 00 00 
              00 00 00 
              00 00 00 
              00 00 00 
              00 00 00 
              00 00 00 
              00 00 00 
              00 00    output_array
                               FILL             32
    4 00000020                 END
Command Line: --debug --xref --diag_suppress=9931 --cpu=Cortex-M4.fp --apcs=int
erwork --depend=.\object\data.d -o.\object\data.o -I"C:\Users\rchaga2\Downloads
\Microprocessor-Fall-2015-master\Lab1\Lab 1 Base Project\RTE" -I"C:\Users\rchag
a2\Downloads\Microprocessor-Fall-2015-master\Lab1\Lab 1 Base Project\RTE\Device
\STM32F407VG" -IC:\Keil_v5\ARM\PACK\ARM\CMSIS\4.4.0\CMSIS\Include -IC:\Keil_v5\
ARM\PACK\Keil\STM32F4xx_DFP\1.0.8\Device\Include --predefine="__MICROLIB SETA 1
" --predefine="__UVISION_VERSION SETA 515" --predefine="_RTE_ SETA 1" --predefi
ne="STM32F40_41xxx SETA 1" --list=.\listings\data.lst data.s



ARM Macro Assembler    Page 1 Alphabetic symbol ordering
Relocatable symbols

output_array 00000000

Symbol: output_array
   Definitions
      At line 3 in file data.s
   Uses
      At line 2 in file data.s
Comment: output_array used once
text 00000000

Symbol: text
   Definitions
      At line 1 in file data.s
   Uses
      None
Comment: text unused
2 symbols
336 symbols in table
